echo '"'"''$PATH''"'"': 			https://stackoverflow.com/c/42network/questions/1983
echo echo '""''$PATH''"'"''"
echo echo "$USER|'"'$USER'|echo "|" 
echo "$USER|'"'$USER'|echo "|test" | 
ls -al | grep ^d | grep 13 | grep 14:21 | grep 136 | grep exit
exit command dose not work

"➜ root@mac:# clear
TERM environment variable not set."

ls -al | grep "$word "

"
➜ root@mac:# kek=test
➜ root@mac:# test=42
➜ root@mac:# export $kek
"

cd $HOME

"export $kek
bash: export: `42': not a valid identifier"

< test < test grep " " < kek.txt |

<< EOF grep "key" < kek.txt

< result.txt grep ^d | grep 12 | wc -l > output

< result.txt  grep 12  | grep 45 | wc -l

< result.txt  grep 12  | wc -l

"
root@mac:# chmod 000 output
pipes: 1
root@mac:# ls > output
pipes: 1
minishell: output: Permission denied
root@mac:# chmod 000 output
pipes: 1
[1]    12759 segmentation fault (core dumped)  ./minishell
"

"
root@mac:# ls > output
pipes: 1
minishell: output: Permission denied
root@mac:# chmod 777 output
pipes: 1
[1]    13500 segmentation fault (core dumped)  ./minishell
"

press ctrl+d when open pipe                 --> segfault

"echo -n"                                   --> segfault

< tets < test grep " "                      --> needed error heandler

echo | cat -e                               --> stuck, dose note close write pipe

"root@mac:# unset PATH
pipes: 1
root@mac:# ls
"                                           --> dose not display correct error 

"ls filethatdoesntexist | grep bla | more"  --> dose not display correct error

"ls -sl ldl fllf lgl gl hlhl h"             --> dose not display correct error

export PATH=$PATH:/place/with/the/file

"cat | cat | ls behave "normally""          --> dose not display correct error

"cat | cat | ls behave "normally"           --> dose not correct work               !!!!!!!!!!

"dsbksdgbksdghsd"                           --> dose not display correct error

"ec -l"                                     --> dose not return error 

ls > output | wc -l (whene chmod 000)

djdjdj > kek

"wc -l"                                     --> dose not work ctrl+d

"$one"'$two'$three

'e'"x"p'o'r't'

ec"ho"

"
root@mac:# export t=n
root@mac:# echo -$t -n "-"'n' hello
"
export a=l d=s; $a$d 		???

----------------------------------------------------------------------------------

export '"l"'=c

"
root@mac:# unset PATH
root@mac:# ls
minishell: ls: No such file or directory
ls: command not found
root@mac:#
"

echo $PWD > as ; cat as

pwd >a1>a2>a3; echo s1 >q1 s2>q2 s3; cat a2; cat a3; cat q1; cat q2;

export echo="echo hello";$echo

WIFSIGNALED, WTERMSIG



grep " " <kek.txt                           --> dose not pars "<"

ls -al | grep ^- > kek.txt | wc -l
ls -la | wc >  test | wc -c
ls -la | wc >  test > test2 > test3 | wc -c



$SHLVL 
exit code: https://tldp.org/LDP/abs/html/exitcodes.html
exit status: https://stackoverflow.com/c/42network/questions/1545
exite code: https://unix.stackexchange.com/questions/110348/how-do-i-get-the-list-of-exit-codes-and-or-return-codes-and-meaning-for-a-comm
exit code: https://stackoverflow.com/questions/1101957/are-there-any-standard-exit-status-codes-in-linux
pipe: https://stackoverflow.com/c/42network/questions/1470
